31-03-2025 14:19:30 - INFO - Inicio do processo de leitura dos arquivos no diretorio: C:\Users\Daniel\OneDrive\Ambiente de Trabalho\Projetos ETL\Olist brazil\ETL\data
31-03-2025 14:19:30 - INFO - Arquivos CSV encontrados: ['olist_customers_dataset.csv', 'olist_geolocation_dataset.csv', 'olist_orders_dataset.csv', 'olist_order_items_dataset.csv', 'olist_order_payments_dataset.csv', 'olist_order_reviews_dataset.csv', 'olist_products_dataset.csv', 'olist_sellers_dataset.csv', 'product_category_name_translation.csv']
31-03-2025 14:19:30 - INFO - Arquivo olist_customers_dataset.csv carregado com sucesso! Shape: (99441, 5)
31-03-2025 14:19:30 - INFO - Arquivo olist_geolocation_dataset.csv carregado com sucesso! Shape: (1000163, 5)
31-03-2025 14:19:31 - INFO - Arquivo olist_orders_dataset.csv carregado com sucesso! Shape: (99441, 8)
31-03-2025 14:19:31 - INFO - Arquivo olist_order_items_dataset.csv carregado com sucesso! Shape: (112650, 7)
31-03-2025 14:19:32 - INFO - Arquivo olist_order_payments_dataset.csv carregado com sucesso! Shape: (103886, 5)
31-03-2025 14:19:32 - INFO - Arquivo olist_order_reviews_dataset.csv carregado com sucesso! Shape: (99224, 7)
31-03-2025 14:19:32 - INFO - Arquivo olist_proaset.csvducts_dat carregado com sucesso! Shape: (32951, 9)
31-03-2025 14:19:32 - INFO - Arquivo olist_sellers_dataset.csv carregado com sucesso! Shape: (3095, 4)
31-03-2025 14:19:32 - INFO - Arquivo product_category_name_translation.csv carregado com sucesso! Shape: (71, 2)
31-03-2025 14:19:32 - INFO - Processo de extracao concluido!
31-03-2025 14:19:32 - INFO - Iniciando a transformacao da tabela de clientes
31-03-2025 14:19:32 - INFO - Dataframe original carregado - Shape:                             customer_id                customer_unique_id  customer_zip_code_prefix          customer_city customer_state
0      06b8999e2fba1a1fbc88172c00ba8bc7  861eff4711a542e4b93843c6dd7febb0                     14409                 franca             SP
1      18955e83d337fd6b2def6b18a428ac77  290c77bc529b7ac935b93aa66c333dc3                      9790  sao bernardo do campo             SP
2      4e7b3e00288586ebd08712fdd0374a03  060e732b5b29e8181a18229c7b0b2b5e                      1151              sao paulo             SP
3      b2b6027bc5c5109e529d4dc6358b12c3  259dac757896d24d7702b9acbbff3f3c                      8775        mogi das cruzes             SP
4      4f2d8ab171c80ec8364f7c12e35b23ad  345ecd01c38d18a9036ed96c73b8d066                     13056               campinas             SP
...                                 ...                               ...                       ...                    ...            ...
99436  17ddf5dd5d51696bb3d7c6291687be6f  1a29b476fee25c95fbafc67c5ac95cf8                      3937              sao paulo             SP
99437  e7b71a9017aa05c9a7fd292d714858e8  d52a67c98be1cf6a5c84435bd38d095d                      6764        taboao da serra             SP
99438  5e28dfe12db7fb50a4b2f691faecea5e  e9f50caf99f032f0bf3c55141f019d99                     60115              fortaleza             CE
99439  56b18e2166679b8a959d72dd06da27f9  73c2643a0a458b49f58cea58833b192e                     92120                 canoas             RS
99440  274fa6071e5e17fe303b9748641082c8  84732c5050c01db9b23e19ba39899398                      6703                  cotia             SP

[99441 rows x 5 columns]
31-03-2025 14:19:32 - INFO - Colunas: ['customer_id', 'customer_unique_id', 'customer_zip_code_prefix', 'customer_city', 'customer_state']
31-03-2025 14:19:32 - INFO - Valores nulos:
customer_id                 0
customer_unique_id          0
customer_zip_code_prefix    0
customer_city               0
customer_state              0
dtype: int64
31-03-2025 16:54:10 - INFO - Inicio do processo de leitura dos arquivos no diretorio: C:\Users\Daniel\OneDrive\Ambiente de Trabalho\Projetos ETL\Olist brazil\ETL\data
31-03-2025 16:54:10 - INFO - Arquivos CSV encontrados: ['olist_customers_dataset.csv', 'olist_geolocation_dataset.csv', 'olist_orders_dataset.csv', 'olist_order_items_dataset.csv', 'olist_order_payments_dataset.csv', 'olist_order_reviews_dataset.csv', 'olist_products_dataset.csv', 'olist_sellers_dataset.csv', 'product_category_name_translation.csv']
31-03-2025 16:54:11 - INFO - Arquivo olist_customers_dataset.csv carregado com sucesso! Shape: (99441, 5)
31-03-2025 16:54:11 - INFO - Arquivo olist_geolocation_dataset.csv carregado com sucesso! Shape: (1000163, 5)
31-03-2025 16:54:12 - INFO - Arquivo olist_orders_dataset.csv carregado com sucesso! Shape: (99441, 8)
31-03-2025 16:54:12 - INFO - Arquivo olist_order_items_dataset.csv carregado com sucesso! Shape: (112650, 7)
31-03-2025 16:54:12 - INFO - Arquivo olist_order_payments_dataset.csv carregado com sucesso! Shape: (103886, 5)
31-03-2025 16:54:13 - INFO - Arquivo olist_order_reviews_dataset.csv carregado com sucesso! Shape: (99224, 7)
31-03-2025 16:54:13 - INFO - Arquivo olist_products_dataset.csv carregado com sucesso! Shape: (32951, 9)
31-03-2025 16:54:13 - INFO - Arquivo olist_sellers_dataset.csv carregado com sucesso! Shape: (3095, 4)
31-03-2025 16:54:13 - INFO - Arquivo product_category_name_translation.csv carregado com sucesso! Shape: (71, 2)
31-03-2025 16:54:13 - INFO - Processo de extracao concluido!
31-03-2025 16:54:13 - INFO - Iniciando a transformacao da tabela de clientes
31-03-2025 16:54:13 - INFO - Dataframe original carregado - Shape:                             customer_id                customer_unique_id  customer_zip_code_prefix          customer_city customer_state
0      06b8999e2fba1a1fbc88172c00ba8bc7  861eff4711a542e4b93843c6dd7febb0                     14409                 franca             SP
1      18955e83d337fd6b2def6b18a428ac77  290c77bc529b7ac935b93aa66c333dc3                      9790  sao bernardo do campo             SP
2      4e7b3e00288586ebd08712fdd0374a03  060e732b5b29e8181a18229c7b0b2b5e                      1151              sao paulo             SP
3      b2b6027bc5c5109e529d4dc6358b12c3  259dac757896d24d7702b9acbbff3f3c                      8775        mogi das cruzes             SP
4      4f2d8ab171c80ec8364f7c12e35b23ad  345ecd01c38d18a9036ed96c73b8d066                     13056               campinas             SP
...                                 ...                               ...                       ...                    ...            ...
99436  17ddf5dd5d51696bb3d7c6291687be6f  1a29b476fee25c95fbafc67c5ac95cf8                      3937              sao paulo             SP
99437  e7b71a9017aa05c9a7fd292d714858e8  d52a67c98be1cf6a5c84435bd38d095d                      6764        taboao da serra             SP
99438  5e28dfe12db7fb50a4b2f691faecea5e  e9f50caf99f032f0bf3c55141f019d99                     60115              fortaleza             CE
99439  56b18e2166679b8a959d72dd06da27f9  73c2643a0a458b49f58cea58833b192e                     92120                 canoas             RS
99440  274fa6071e5e17fe303b9748641082c8  84732c5050c01db9b23e19ba39899398                      6703                  cotia             SP

[99441 rows x 5 columns]
31-03-2025 16:54:13 - INFO - Colunas: ['customer_id', 'customer_unique_id', 'customer_zip_code_prefix', 'customer_city', 'customer_state']
31-03-2025 16:54:13 - INFO - Valores nulos:
customer_id                 0
customer_unique_id          0
customer_zip_code_prefix    0
customer_city               0
customer_state              0
dtype: int64
31-03-2025 16:58:40 - INFO - Inicio do processo de leitura dos arquivos no diretorio: C:\Users\Daniel\OneDrive\Ambiente de Trabalho\Projetos ETL\Olist brazil\ETL\data
31-03-2025 16:58:40 - INFO - Arquivos CSV encontrados: ['olist_customers_dataset.csv', 'olist_geolocation_dataset.csv', 'olist_orders_dataset.csv', 'olist_order_items_dataset.csv', 'olist_order_payments_dataset.csv', 'olist_order_reviews_dataset.csv', 'olist_products_dataset.csv', 'olist_sellers_dataset.csv', 'product_category_name_translation.csv']
31-03-2025 16:58:40 - INFO - Arquivo olist_customers_dataset.csv carregado com sucesso! Shape: (99441, 5)
31-03-2025 16:58:41 - INFO - Arquivo olist_geolocation_dataset.csv carregado com sucesso! Shape: (1000163, 5)
31-03-2025 16:58:41 - INFO - Arquivo olist_orders_dataset.csv carregado com sucesso! Shape: (99441, 8)
31-03-2025 16:58:42 - INFO - Arquivo olist_order_items_dataset.csv carregado com sucesso! Shape: (112650, 7)
31-03-2025 16:58:42 - INFO - Arquivo olist_order_payments_dataset.csv carregado com sucesso! Shape: (103886, 5)
31-03-2025 16:58:42 - INFO - Arquivo olist_order_reviews_dataset.csv carregado com sucesso! Shape: (99224, 7)
31-03-2025 16:58:42 - INFO - Arquivo olist_products_dataset.csv carregado com sucesso! Shape: (32951, 9)
31-03-2025 16:58:42 - INFO - Arquivo olist_sellers_dataset.csv carregado com sucesso! Shape: (3095, 4)
31-03-2025 16:58:42 - INFO - Arquivo product_category_name_translation.csv carregado com sucesso! Shape: (71, 2)
31-03-2025 16:58:42 - INFO - Processo de extracao concluido!
31-03-2025 16:58:42 - INFO - Iniciando a transformacao da tabela de produtos
31-03-2025 16:58:42 - INFO - Dataframe original carregado - Shape:                              product_id              product_category_name  ...  product_height_cm  product_width_cm
0      1e9e8ef04dbcff4541ed26657ea517e5                         perfumaria  ...               10.0              14.0
1      3aa071139cb16b67ca9e5dea641aaa2f                              artes  ...               18.0              20.0
2      96bd76ec8810374ed1b65e291975717f                      esporte_lazer  ...                9.0              15.0
3      cef67bcfe19066a932b7673e239eb23d                              bebes  ...                4.0              26.0
4      9dc1a7de274444849c219cff195d0b71              utilidades_domesticas  ...               17.0              13.0
...                                 ...                                ...  ...                ...               ...
32946  a0b7d5a992ccda646f2d34e418fff5a0                   moveis_decoracao  ...               40.0              40.0
32947  bf4538d88321d0fd4412a93c974510e6  construcao_ferramentas_iluminacao  ...               19.0              16.0
32948  9a7c6041fa9592d9d9ef6cfe62a71f8c                    cama_mesa_banho  ...                7.0              27.0
32949  83808703fc0706a22e264b9d75f04a2e             informatica_acessorios  ...               13.0              20.0
32950  106392145fca363410d287a815be6de4                    cama_mesa_banho  ...                2.0               7.0

[32951 rows x 9 columns]
31-03-2025 16:58:43 - INFO - Colunas: ['product_id', 'product_category_name', 'product_name_lenght', 'product_description_lenght', 'product_photos_qty', 'product_weight_g', 'product_length_cm', 'product_height_cm', 'product_width_cm']
31-03-2025 16:58:43 - INFO - Valores nulos:
product_id                      0
product_category_name         610
product_name_lenght           610
product_description_lenght    610
product_photos_qty            610
product_weight_g                2
product_length_cm               2
product_height_cm               2
product_width_cm                2
dtype: int64
31-03-2025 17:09:48 - INFO - Inicio do processo de leitura dos arquivos no diretorio: C:\Users\Daniel\OneDrive\Ambiente de Trabalho\Projetos ETL\Olist brazil\ETL\data
31-03-2025 17:09:48 - INFO - Arquivos CSV encontrados: ['olist_customers_dataset.csv', 'olist_geolocation_dataset.csv', 'olist_orders_dataset.csv', 'olist_order_items_dataset.csv', 'olist_order_payments_dataset.csv', 'olist_order_reviews_dataset.csv', 'olist_products_dataset.csv', 'olist_sellers_dataset.csv', 'product_category_name_translation.csv']
31-03-2025 17:09:48 - INFO - Arquivo olist_customers_dataset.csv carregado com sucesso! Shape: (99441, 5)
31-03-2025 17:09:50 - INFO - Arquivo olist_geolocation_dataset.csv carregado com sucesso! Shape: (1000163, 5)
31-03-2025 17:09:50 - INFO - Arquivo olist_orders_dataset.csv carregado com sucesso! Shape: (99441, 8)
31-03-2025 17:09:51 - INFO - Arquivo olist_order_items_dataset.csv carregado com sucesso! Shape: (112650, 7)
31-03-2025 17:09:51 - INFO - Arquivo olist_order_payments_dataset.csv carregado com sucesso! Shape: (103886, 5)
31-03-2025 17:09:52 - INFO - Arquivo olist_order_reviews_dataset.csv carregado com sucesso! Shape: (99224, 7)
31-03-2025 17:09:52 - INFO - Arquivo olist_products_dataset.csv carregado com sucesso! Shape: (32951, 9)
31-03-2025 17:09:52 - INFO - Arquivo olist_sellers_dataset.csv carregado com sucesso! Shape: (3095, 4)
31-03-2025 17:09:52 - INFO - Arquivo product_category_name_translation.csv carregado com sucesso! Shape: (71, 2)
31-03-2025 17:09:52 - INFO - Processo de extracao concluido!
31-03-2025 17:09:52 - INFO - Iniciando a transformacao da tabela de clientes
31-03-2025 17:09:52 - INFO - Dataframe original carregado - Shape:                             customer_id                customer_unique_id  customer_zip_code_prefix          customer_city customer_state
0      06b8999e2fba1a1fbc88172c00ba8bc7  861eff4711a542e4b93843c6dd7febb0                     14409                 franca             SP
1      18955e83d337fd6b2def6b18a428ac77  290c77bc529b7ac935b93aa66c333dc3                      9790  sao bernardo do campo             SP
2      4e7b3e00288586ebd08712fdd0374a03  060e732b5b29e8181a18229c7b0b2b5e                      1151              sao paulo             SP
3      b2b6027bc5c5109e529d4dc6358b12c3  259dac757896d24d7702b9acbbff3f3c                      8775        mogi das cruzes             SP
4      4f2d8ab171c80ec8364f7c12e35b23ad  345ecd01c38d18a9036ed96c73b8d066                     13056               campinas             SP
...                                 ...                               ...                       ...                    ...            ...
99436  17ddf5dd5d51696bb3d7c6291687be6f  1a29b476fee25c95fbafc67c5ac95cf8                      3937              sao paulo             SP
99437  e7b71a9017aa05c9a7fd292d714858e8  d52a67c98be1cf6a5c84435bd38d095d                      6764        taboao da serra             SP
99438  5e28dfe12db7fb50a4b2f691faecea5e  e9f50caf99f032f0bf3c55141f019d99                     60115              fortaleza             CE
99439  56b18e2166679b8a959d72dd06da27f9  73c2643a0a458b49f58cea58833b192e                     92120                 canoas             RS
99440  274fa6071e5e17fe303b9748641082c8  84732c5050c01db9b23e19ba39899398                      6703                  cotia             SP

[99441 rows x 5 columns]
31-03-2025 17:09:52 - INFO - Colunas: ['customer_id', 'customer_unique_id', 'customer_zip_code_prefix', 'customer_city', 'customer_state']
31-03-2025 17:09:52 - INFO - Valores nulos:
customer_id                 0
customer_unique_id          0
customer_zip_code_prefix    0
customer_city               0
customer_state              0
dtype: int64
31-03-2025 17:09:52 - INFO - Iniciando a transformacao da tabela de clientes
31-03-2025 17:09:52 - INFO - Dataframe original carregado - Shape:                              product_id              product_category_name  ...  product_height_cm  product_width_cm
0      1e9e8ef04dbcff4541ed26657ea517e5                         perfumaria  ...               10.0              14.0
1      3aa071139cb16b67ca9e5dea641aaa2f                              artes  ...               18.0              20.0
2      96bd76ec8810374ed1b65e291975717f                      esporte_lazer  ...                9.0              15.0
3      cef67bcfe19066a932b7673e239eb23d                              bebes  ...                4.0              26.0
4      9dc1a7de274444849c219cff195d0b71              utilidades_domesticas  ...               17.0              13.0
...                                 ...                                ...  ...                ...               ...
32946  a0b7d5a992ccda646f2d34e418fff5a0                   moveis_decoracao  ...               40.0              40.0
32947  bf4538d88321d0fd4412a93c974510e6  construcao_ferramentas_iluminacao  ...               19.0              16.0
32948  9a7c6041fa9592d9d9ef6cfe62a71f8c                    cama_mesa_banho  ...                7.0              27.0
32949  83808703fc0706a22e264b9d75f04a2e             informatica_acessorios  ...               13.0              20.0
32950  106392145fca363410d287a815be6de4                    cama_mesa_banho  ...                2.0               7.0

[32951 rows x 9 columns]
31-03-2025 17:09:52 - INFO - Colunas: ['product_id', 'product_category_name', 'product_name_lenght', 'product_description_lenght', 'product_photos_qty', 'product_weight_g', 'product_length_cm', 'product_height_cm', 'product_width_cm']
31-03-2025 17:09:52 - INFO - Valores nulos:
product_id                      0
product_category_name         610
product_name_lenght           610
product_description_lenght    610
product_photos_qty            610
product_weight_g                2
product_length_cm               2
product_height_cm               2
product_width_cm                2
dtype: int64
03-04-2025 10:24:48 - INFO - Inicio do processo de leitura dos arquivos no diretorio: C:\Users\Daniel\OneDrive\Ambiente de Trabalho\Projetos ETL\Olist brazil\ETL\data
03-04-2025 10:24:48 - INFO - Arquivos CSV encontrados: ['olist_customers_dataset.csv', 'olist_geolocation_dataset.csv', 'olist_orders_dataset.csv', 'olist_order_items_dataset.csv', 'olist_order_payments_dataset.csv', 'olist_order_reviews_dataset.csv', 'olist_products_dataset.csv', 'olist_sellers_dataset.csv', 'product_category_name_translation.csv']
03-04-2025 10:24:48 - INFO - Arquivo olist_customers_dataset.csv carregado com sucesso! Shape: (99441, 5)
03-04-2025 10:24:49 - INFO - Arquivo olist_geolocation_dataset.csv carregado com sucesso! Shape: (1000163, 5)
03-04-2025 10:24:49 - INFO - Arquivo olist_orders_dataset.csv carregado com sucesso! Shape: (99441, 8)
03-04-2025 10:24:50 - INFO - Arquivo olist_order_items_dataset.csv carregado com sucesso! Shape: (112650, 7)
03-04-2025 10:24:50 - INFO - Arquivo olist_order_payments_dataset.csv carregado com sucesso! Shape: (103886, 5)
03-04-2025 10:24:50 - INFO - Arquivo olist_order_reviews_dataset.csv carregado com sucesso! Shape: (99224, 7)
03-04-2025 10:24:51 - INFO - Arquivo olist_products_dataset.csv carregado com sucesso! Shape: (32951, 9)
03-04-2025 10:24:51 - INFO - Arquivo olist_sellers_dataset.csv carregado com sucesso! Shape: (3095, 4)
03-04-2025 10:24:51 - INFO - Arquivo product_category_name_translation.csv carregado com sucesso! Shape: (71, 2)
03-04-2025 10:24:51 - INFO - Processo de extracao concluido!
03-04-2025 10:24:51 - INFO - Iniciando a transformacao da tabela de clientes
03-04-2025 10:24:51 - INFO - Dataframe original carregado - Shape:                             customer_id                customer_unique_id  customer_zip_code_prefix          customer_city customer_state
0      06b8999e2fba1a1fbc88172c00ba8bc7  861eff4711a542e4b93843c6dd7febb0                     14409                 franca             SP
1      18955e83d337fd6b2def6b18a428ac77  290c77bc529b7ac935b93aa66c333dc3                      9790  sao bernardo do campo             SP
2      4e7b3e00288586ebd08712fdd0374a03  060e732b5b29e8181a18229c7b0b2b5e                      1151              sao paulo             SP
3      b2b6027bc5c5109e529d4dc6358b12c3  259dac757896d24d7702b9acbbff3f3c                      8775        mogi das cruzes             SP
4      4f2d8ab171c80ec8364f7c12e35b23ad  345ecd01c38d18a9036ed96c73b8d066                     13056               campinas             SP
...                                 ...                               ...                       ...                    ...            ...
99436  17ddf5dd5d51696bb3d7c6291687be6f  1a29b476fee25c95fbafc67c5ac95cf8                      3937              sao paulo             SP
99437  e7b71a9017aa05c9a7fd292d714858e8  d52a67c98be1cf6a5c84435bd38d095d                      6764        taboao da serra             SP
99438  5e28dfe12db7fb50a4b2f691faecea5e  e9f50caf99f032f0bf3c55141f019d99                     60115              fortaleza             CE
99439  56b18e2166679b8a959d72dd06da27f9  73c2643a0a458b49f58cea58833b192e                     92120                 canoas             RS
99440  274fa6071e5e17fe303b9748641082c8  84732c5050c01db9b23e19ba39899398                      6703                  cotia             SP

[99441 rows x 5 columns]
03-04-2025 10:24:51 - INFO - Colunas: ['customer_id', 'customer_unique_id', 'customer_zip_code_prefix', 'customer_city', 'customer_state']
03-04-2025 10:24:51 - INFO - Valores nulos:
customer_id                 0
customer_unique_id          0
customer_zip_code_prefix    0
customer_city               0
customer_state              0
dtype: int64
03-04-2025 10:24:51 - INFO - Iniciando a transformacao da tabela de clientes
03-04-2025 10:24:51 - INFO - Dataframe original carregado - Shape:                              product_id              product_category_name  ...  product_height_cm  product_width_cm
0      1e9e8ef04dbcff4541ed26657ea517e5                         perfumaria  ...               10.0              14.0
1      3aa071139cb16b67ca9e5dea641aaa2f                              artes  ...               18.0              20.0
2      96bd76ec8810374ed1b65e291975717f                      esporte_lazer  ...                9.0              15.0
3      cef67bcfe19066a932b7673e239eb23d                              bebes  ...                4.0              26.0
4      9dc1a7de274444849c219cff195d0b71              utilidades_domesticas  ...               17.0              13.0
...                                 ...                                ...  ...                ...               ...
32946  a0b7d5a992ccda646f2d34e418fff5a0                   moveis_decoracao  ...               40.0              40.0
32947  bf4538d88321d0fd4412a93c974510e6  construcao_ferramentas_iluminacao  ...               19.0              16.0
32948  9a7c6041fa9592d9d9ef6cfe62a71f8c                    cama_mesa_banho  ...                7.0              27.0
32949  83808703fc0706a22e264b9d75f04a2e             informatica_acessorios  ...               13.0              20.0
32950  106392145fca363410d287a815be6de4                    cama_mesa_banho  ...                2.0               7.0

[32951 rows x 9 columns]
03-04-2025 10:24:51 - INFO - Colunas: ['product_id', 'product_category_name', 'product_name_lenght', 'product_description_lenght', 'product_photos_qty', 'product_weight_g', 'product_length_cm', 'product_height_cm', 'product_width_cm']
03-04-2025 10:24:51 - INFO - Valores nulos:
product_id                      0
product_category_name         610
product_name_lenght           610
product_description_lenght    610
product_photos_qty            610
product_weight_g                2
product_length_cm               2
product_height_cm               2
product_width_cm                2
dtype: int64
24-04-2025 16:59:38 - INFO - Inicio do processo de leitura dos arquivos no diretorio: C:\Users\Daniel\OneDrive\Ambiente de Trabalho\Projetos ETL\Olist brazil\ETL\data
24-04-2025 16:59:38 - INFO - Arquivos CSV encontrados: []
24-04-2025 16:59:38 - INFO - Processo de extracao concluido!
24-04-2025 17:10:18 - INFO - Inicio do processo de leitura dos arquivos no diretorio: C:\Users\Daniel\OneDrive\Ambiente de Trabalho\Projetos ETL\Olist brazil\ETL\data
24-04-2025 17:10:18 - INFO - Arquivos CSV encontrados: []
24-04-2025 17:10:18 - INFO - Processo de extracao concluido!
24-04-2025 17:27:46 - INFO - Inicio do processo de leitura dos arquivos no diretorio: C:\Users\Daniel\OneDrive\Ambiente de Trabalho\Projetos ETL\Olist brazil\ETL\data\raw
24-04-2025 17:27:46 - INFO - Arquivos CSV encontrados: ['olist_customers_dataset.csv', 'olist_geolocation_dataset.csv', 'olist_orders_dataset.csv', 'olist_order_items_dataset.csv', 'olist_order_payments_dataset.csv', 'olist_order_reviews_dataset.csv', 'olist_products_dataset.csv', 'olist_sellers_dataset.csv', 'product_category_name_translation.csv']
24-04-2025 17:27:46 - INFO - Arquivo olist_customers_dataset.csv carregado com sucesso! Shape: (99441, 5)
24-04-2025 17:27:47 - INFO - Arquivo olist_geolocation_dataset.csv carregado com sucesso! Shape: (1000163, 5)
24-04-2025 17:27:47 - INFO - Arquivo olist_orders_dataset.csv carregado com sucesso! Shape: (99441, 8)
24-04-2025 17:27:48 - INFO - Arquivo olist_order_items_dataset.csv carregado com sucesso! Shape: (112650, 7)
24-04-2025 17:27:48 - INFO - Arquivo olist_order_payments_dataset.csv carregado com sucesso! Shape: (103886, 5)
24-04-2025 17:27:48 - INFO - Arquivo olist_order_reviews_dataset.csv carregado com sucesso! Shape: (99224, 7)
24-04-2025 17:27:48 - INFO - Arquivo olist_products_dataset.csv carregado com sucesso! Shape: (32951, 9)
24-04-2025 17:27:48 - INFO - Arquivo olist_sellers_dataset.csv carregado com sucesso! Shape: (3095, 4)
24-04-2025 17:27:48 - INFO - Arquivo product_category_name_translation.csv carregado com sucesso! Shape: (71, 2)
24-04-2025 17:27:48 - INFO - Processo de extracao concluido!
